VABaseScreen.h:43:15:virtual void VA::BaseScreen::Loop()	0	static
VABaseScreen.h:46:15:virtual bool VA::BaseScreen::JumpFrom()	0	static
VABaseScreen.h:49:15:virtual void VA::BaseScreen::JumpTo()	0	static
std_function.h:212:2:static bool std::_Function_base::_Base_manager<_Functor>::_M_manager(std::_Any_data&, const std::_Any_data&, std::_Manager_operation) [with _Functor = ScreenCOM::ScreenCOM()::<lambda()>]	0	static
std_function.h:314:7:) [with _Functor = ScreenCOM::ScreenCOM()::<lambda()>; _ArgTypes = {}]	4	static
std_function.h:212:2:static bool std::_Function_base::_Base_manager<_Functor>::_M_manager(std::_Any_data&, const std::_Any_data&, std::_Manager_operation) [with _Functor = ScreenCOM::ScreenCOM()::<lambda()>]	0	static
std_function.h:212:2:static bool std::_Function_base::_Base_manager<_Functor>::_M_manager(std::_Any_data&, const std::_Any_data&, std::_Manager_operation) [with _Functor = ScreenCOM::ScreenCOM()::<lambda()>]	0	static
std_function.h:314:7:) [with _Functor = ScreenCOM::ScreenCOM()::<lambda()>; _ArgTypes = {}]	0	static
std_function.h:212:2:static bool std::_Function_base::_Base_manager<_Functor>::_M_manager(std::_Any_data&, const std::_Any_data&, std::_Manager_operation) [with _Functor = ScreenCOM::ScreenCOM()::<lambda()>]	0	static
std_function.h:314:7:) [with _Functor = ScreenCOM::ScreenCOM()::<lambda()>; _ArgTypes = {}]	0	static
std_function.h:212:2:static bool std::_Function_base::_Base_manager<_Functor>::_M_manager(std::_Any_data&, const std::_Any_data&, std::_Manager_operation) [with _Functor = ScreenCOM::ScreenCOM()::<lambda()>]	0	static
std_function.h:212:2:static bool std::_Function_base::_Base_manager<_Functor>::_M_manager(std::_Any_data&, const std::_Any_data&, std::_Manager_operation) [with _Functor = ScreenCOM::ScreenCOM()::<lambda()>]	0	static
std_function.h:212:2:static bool std::_Function_base::_Base_manager<_Functor>::_M_manager(std::_Any_data&, const std::_Any_data&, std::_Manager_operation) [with _Functor = ScreenCOM::ScreenCOM()::<lambda()>]	0	static
std_function.h:314:7:) [with _Functor = ScreenCOM::ScreenCOM()::<lambda()>; _ArgTypes = {}]	8	static
std_function.h:314:7:) [with _Functor = ScreenCOM::ScreenCOM()::<lambda()>; _ArgTypes = {}]	8	static
std_function.h:314:7:) [with _Functor = ScreenCOM::ScreenCOM()::<lambda()>; _ArgTypes = {}]	8	static
std_function.h:314:7:) [with _Functor = ScreenCOM::ScreenCOM()::<lambda()>; _ArgTypes = {}]	8	static
VALabel.h:27:7:VA::Label::~Label()	16	static
VACanvas.h:18:7:VA::Canvas::~Canvas()	16	static
string_conversions.h:99:5:) [with _String = std::__cxx11::basic_string<char>; _CharT = char]	36	dynamic
ScreenCOM.h:103:7:virtual void ScreenCOM::Loop()	72	static
stl_vector.h:433:7:std::vector<_Tp, _Alloc>::~vector() [with _Tp = std::function<void()>; _Alloc = std::allocator<std::function<void()> >]	16	static
vector.tcc:394:7:) [with _Args = {std::function<void()>}; _Tp = std::function<void()>; _Alloc = std::allocator<std::function<void()> >]	48	static
ScreenCOM.cpp:4:1:ScreenCOM::ScreenCOM()	376	static
