VA_Modbus.cpp:5:6:bool VA::Modbus::isAdress(uint8_t)	0	static
VA_Modbus.cpp:9:10:uint16_t VA::Modbus::crc_calc(uint8_t*, uint16_t)	12	static
VA_Modbus.cpp:71:6:void VA::Modbus::SetSlaveId(uint8_t)	0	static
VA_Modbus.cpp:75:6:void VA::Modbus::ReadHoldingRegister()	16	static
VA_Modbus.cpp:96:6:void VA::Modbus::PresetSingleRegister()	24	static
VA_Modbus.cpp:119:6:void VA::Modbus::PresetMultipleRegisters()	20	static
VA_Modbus.cpp:143:6:bool VA::Modbus::ReadsHoldingRegisters(uint8_t, uint16_t, uint16_t, uint16_t*)	32	static
VA_Modbus.cpp:161:6:bool VA::Modbus::WriteHoldingRegister(uint8_t, uint16_t, uint16_t)	32	static
VA_Modbus.cpp:179:6:bool VA::Modbus::WriteMultipleRegisters(uint8_t, uint16_t, uint16_t, uint16_t*)	32	static
VA_Modbus.cpp:204:6:bool VA::Modbus::MasterTransmit(uint16_t, uint16_t*, uint16_t)	24	static
VA_Modbus.cpp:223:1:VA::Modbus::Modbus(VA::ModbusInitStruct*, VA::ModbusRegime, TIM_HandleTypeDef*)	16	static
VA_Modbus.cpp:227:6:void VA::Modbus::Init(VA::ModbusInitStruct*, VA::ModbusRegime, TIM_HandleTypeDef*)	16	static
VA_Modbus.cpp:269:6:void VA::Modbus::Init_TIM(TIM_HandleTypeDef*)	0	static
VA_Modbus.cpp:274:6:bool VA::Modbus::SetBaudRate(uint32_t)	8	static
VA_Modbus.cpp:280:6:bool VA::Modbus::SetParity(VA::UART_Parity)	8	static
VA_Modbus.cpp:297:6:void VA::Modbus::ReadOn()	0	static
VA_Modbus.cpp:304:6:void VA::Modbus::UART_IDLECallback(UART_HandleTypeDef*)	32	static
VA_Modbus.cpp:366:6:void VA::Modbus::Modbus_TxCpltCallback(UART_HandleTypeDef*)	8	static
VA_Modbus.cpp:374:6:void VA::Modbus::Modbus_IRQHandler(UART_HandleTypeDef*)	32	static
