VABaseElement.h:81:15:virtual void VA::BaseElement::Show()	0	static
VABaseScreen.h:43:15:virtual void VA::BaseScreen::Loop()	0	static
VABaseScreen.h:46:15:virtual bool VA::BaseScreen::JumpFrom()	0	static
VABaseScreen.h:49:15:virtual void VA::BaseScreen::JumpTo()	0	static
std_function.h:314:7:) [with _Functor = WindowInsufficientLavelAccess::WindowInsufficientLavelAccess(VA::GUI*)::<lambda()>; _ArgTypes = {}]	0	static
std_function.h:212:2:static bool std::_Function_base::_Base_manager<_Functor>::_M_manager(std::_Any_data&, const std::_Any_data&, std::_Manager_operation) [with _Functor = WindowInsufficientLavelAccess::WindowInsufficientLavelAccess(VA::GUI*)::<lambda()>]	0	static
std_function.h:314:7:) [with _Functor = WindowInsufficientLavelAccess::WindowInsufficientLavelAccess(VA::GUI*)::<lambda()>; _ArgTypes = {}]	0	static
std_function.h:212:2:static bool std::_Function_base::_Base_manager<_Functor>::_M_manager(std::_Any_data&, const std::_Any_data&, std::_Manager_operation) [with _Functor = WindowInsufficientLavelAccess::WindowInsufficientLavelAccess(VA::GUI*)::<lambda()>]	0	static
string_conversions.h:99:5:) [with _String = std::__cxx11::basic_string<char>; _CharT = char]	52	dynamic
VALabel.h:27:7:VA::Label::~Label()	16	static
VAGUI.cpp:16:6:void VA::GUI::Init()	16	static
VAGUI.cpp:32:6:void VA::GUI::ShowScreen()	32	static
VAGUI.cpp:57:6:void VA::GUI::Touched()	48	static
VAGUI.cpp:100:6:void VA::GUI::JumpScreen(uint16_t)	16	static
VAGUI.cpp:110:6:void VA::GUI::JumpScreen(VA::BaseScreen*)	24	static
VAGUI.cpp:115:6:void VA::GUI::SetBackLight(uint8_t)	16	static
VAGUI.cpp:119:6:void VA::GUI::SetTimeOut(uint8_t)	0	static
VAGUI.cpp:123:6:void VA::GUI::Sleep()	8	static
VAGUI.cpp:129:6:void VA::GUI::Wakeup()	16	static
VAGUI.cpp:137:10:uint16_t VA::GUI::GetHours()	8	static
VAGUI.cpp:141:10:uint16_t VA::GUI::GetMinutes()	8	static
VAGUI.cpp:145:10:uint16_t VA::GUI::GetSeconds()	8	static
VAGUI.cpp:149:13:std::__cxx11::string VA::GUI::GetTime()	184	static
VAGUI.cpp:159:6:void VA::GUI::SetHours(uint8_t)	16	static
VAGUI.cpp:166:6:void VA::GUI::SetMinutes(uint8_t)	16	static
VAGUI.cpp:173:6:void VA::GUI::SetSeconds(uint8_t)	16	static
VAGUI.cpp:181:10:uint16_t VA::GUI::GetYear()	8	static
VAGUI.cpp:185:10:uint16_t VA::GUI::GetMonth()	8	static
VAGUI.cpp:189:10:uint16_t VA::GUI::GetDay()	8	static
VAGUI.cpp:193:13:std::__cxx11::string VA::GUI::GetDate()	184	static
VAGUI.cpp:202:6:void VA::GUI::SetYear(uint16_t)	16	static
VAGUI.cpp:209:6:void VA::GUI::SetMonth(uint8_t)	16	static
VAGUI.cpp:216:6:void VA::GUI::SetDay(uint8_t)	16	static
VAGUI.cpp:224:6:bool VA::GUI::OpenLevelAcces(uint16_t)	0	static
VAGUI.cpp:238:6:void VA::GUI::CloseLevelAcces()	0	static
VAGUI.cpp:242:13:VA::LevelsAcces VA::GUI::GetLevelAcces()	0	static
stl_vector.h:433:7:std::vector<_Tp, _Alloc>::~vector() [with _Tp = std::function<void()>; _Alloc = std::allocator<std::function<void()> >]	16	static
vector.tcc:394:7:) [with _Args = {std::function<void()>}; _Tp = std::function<void()>; _Alloc = std::allocator<std::function<void()> >]	48	static
WindowInsufficientLavelAccess.h:29:2:WindowInsufficientLavelAccess::WindowInsufficientLavelAccess(VA::GUI*)	200	static
VAGUI.cpp:12:1:VA::GUI::GUI(uint16_t)	40	static
