VABaseElement.h:81:15:virtual void VA::BaseElement::Show()	0	static
VABaseScreen.h:43:15:virtual void VA::BaseScreen::Loop()	0	static
VABaseScreen.h:46:15:virtual bool VA::BaseScreen::JumpFrom()	0	static
VABaseScreen.h:49:15:virtual void VA::BaseScreen::JumpTo()	0	static
ScreenEvents.h:312:7:virtual void ScreenEvents::JumpTo()	0	static
ScreenCrash.h:211:7:virtual void ScreenCrash::JumpTo()	0	static
ScreenZVU.h:259:10:virtual void ScreenZVU::JumpTo()	0	static
ScreenBattery.h:179:7:virtual void ScreenBattery::JumpTo()	0	static
ScreenAnalogTestIO.h:95:7:virtual void ScreenAnalogTestIO::Loop()	8	static
ScreenSetBKI.h:64:7:virtual void ScreenSetBKI::Loop()	0	static
ScreenSetBKI.h:72:7:virtual void ScreenSetBKI::JumpTo()	0	static
ScreenBKI.h:115:7:virtual void ScreenBKI::JumpTo()	0	static
std_function.h:212:2:static bool std::_Function_base::_Base_manager<_Functor>::_M_manager(std::_Any_data&, const std::_Any_data&, std::_Manager_operation) [with _Functor = ScreenEvents::ScreenEvents()::<lambda()>]	0	static
std_function.h:314:7:) [with _Functor = ScreenEvents::ScreenEvents()::<lambda()>; _ArgTypes = {}]	0	static
std_function.h:212:2:static bool std::_Function_base::_Base_manager<_Functor>::_M_manager(std::_Any_data&, const std::_Any_data&, std::_Manager_operation) [with _Functor = ScreenEvents::ScreenEvents()::<lambda()>]	0	static
std_function.h:314:7:) [with _Functor = ScreenEvents::ScreenEvents()::<lambda()>; _ArgTypes = {}]	0	static
std_function.h:212:2:static bool std::_Function_base::_Base_manager<_Functor>::_M_manager(std::_Any_data&, const std::_Any_data&, std::_Manager_operation) [with _Functor = ScreenEvents::ScreenEvents()::<lambda()>]	0	static
std_function.h:314:7:) [with _Functor = ScreenEvents::ScreenEvents()::<lambda()>; _ArgTypes = {}]	0	static
std_function.h:212:2:static bool std::_Function_base::_Base_manager<_Functor>::_M_manager(std::_Any_data&, const std::_Any_data&, std::_Manager_operation) [with _Functor = ScreenEvents::ScreenEvents()::<lambda()>]	0	static
std_function.h:314:7:) [with _Functor = ScreenEvents::ScreenEvents()::<lambda()>; _ArgTypes = {}]	0	static
std_function.h:212:2:static bool std::_Function_base::_Base_manager<_Functor>::_M_manager(std::_Any_data&, const std::_Any_data&, std::_Manager_operation) [with _Functor = ScreenEvents::ScreenEvents()::<lambda()>]	0	static
std_function.h:314:7:) [with _Functor = ScreenCrash::ScreenCrash()::<lambda()>; _ArgTypes = {}]	0	static
std_function.h:212:2:static bool std::_Function_base::_Base_manager<_Functor>::_M_manager(std::_Any_data&, const std::_Any_data&, std::_Manager_operation) [with _Functor = ScreenCrash::ScreenCrash()::<lambda()>]	0	static
std_function.h:314:7:) [with _Functor = ScreenCrash::ScreenCrash()::<lambda()>; _ArgTypes = {}]	0	static
std_function.h:212:2:static bool std::_Function_base::_Base_manager<_Functor>::_M_manager(std::_Any_data&, const std::_Any_data&, std::_Manager_operation) [with _Functor = ScreenCrash::ScreenCrash()::<lambda()>]	0	static
std_function.h:212:2:static bool std::_Function_base::_Base_manager<_Functor>::_M_manager(std::_Any_data&, const std::_Any_data&, std::_Manager_operation) [with _Functor = ScreenSetTime::ScreenSetTime()::<lambda()>]	0	static
std_function.h:212:2:static bool std::_Function_base::_Base_manager<_Functor>::_M_manager(std::_Any_data&, const std::_Any_data&, std::_Manager_operation) [with _Functor = ScreenSetTime::ScreenSetTime()::<lambda()>]	0	static
std_function.h:212:2:static bool std::_Function_base::_Base_manager<_Functor>::_M_manager(std::_Any_data&, const std::_Any_data&, std::_Manager_operation) [with _Functor = ScreenSetTime::ScreenSetTime()::<lambda()>]	0	static
std_function.h:212:2:static bool std::_Function_base::_Base_manager<_Functor>::_M_manager(std::_Any_data&, const std::_Any_data&, std::_Manager_operation) [with _Functor = ScreenSetTime::ScreenSetTime()::<lambda()>]	0	static
std_function.h:212:2:static bool std::_Function_base::_Base_manager<_Functor>::_M_manager(std::_Any_data&, const std::_Any_data&, std::_Manager_operation) [with _Functor = ScreenSetTime::ScreenSetTime()::<lambda()>]	0	static
std_function.h:212:2:static bool std::_Function_base::_Base_manager<_Functor>::_M_manager(std::_Any_data&, const std::_Any_data&, std::_Manager_operation) [with _Functor = ScreenSetTime::ScreenSetTime()::<lambda()>]	0	static
std_function.h:314:7:) [with _Functor = WindowReboot::WindowReboot()::<lambda()>; _ArgTypes = {}]	0	static
std_function.h:212:2:static bool std::_Function_base::_Base_manager<_Functor>::_M_manager(std::_Any_data&, const std::_Any_data&, std::_Manager_operation) [with _Functor = WindowReboot::WindowReboot()::<lambda()>]	0	static
std_function.h:314:7:) [with _Functor = WindowReboot::WindowReboot()::<lambda()>; _ArgTypes = {}]	0	static,ignoring_inline_asm
std_function.h:212:2:static bool std::_Function_base::_Base_manager<_Functor>::_M_manager(std::_Any_data&, const std::_Any_data&, std::_Manager_operation) [with _Functor = WindowReboot::WindowReboot()::<lambda()>]	0	static
std_function.h:314:7:) [with _Functor = ScreenAutorization::WindowInfo::WindowInfo()::<lambda()>; _ArgTypes = {}]	0	static
std_function.h:212:2:static bool std::_Function_base::_Base_manager<_Functor>::_M_manager(std::_Any_data&, const std::_Any_data&, std::_Manager_operation) [with _Functor = ScreenAutorization::WindowInfo::WindowInfo()::<lambda()>]	0	static
std_function.h:212:2:static bool std::_Function_base::_Base_manager<_Functor>::_M_manager(std::_Any_data&, const std::_Any_data&, std::_Manager_operation) [with _Functor = ScreenAutorization::ScreenAutorization()::<lambda()>]	0	static
std_function.h:212:2:static bool std::_Function_base::_Base_manager<_Functor>::_M_manager(std::_Any_data&, const std::_Any_data&, std::_Manager_operation) [with _Functor = ScreenAutorization::ScreenAutorization()::<lambda()>]	0	static
std_function.h:212:2:static bool std::_Function_base::_Base_manager<_Functor>::_M_manager(std::_Any_data&, const std::_Any_data&, std::_Manager_operation) [with _Functor = ScreenAutorization::ScreenAutorization()::<lambda()>]	0	static
std_function.h:212:2:static bool std::_Function_base::_Base_manager<_Functor>::_M_manager(std::_Any_data&, const std::_Any_data&, std::_Manager_operation) [with _Functor = ScreenAutorization::ScreenAutorization()::<lambda()>]	0	static
std_function.h:212:2:static bool std::_Function_base::_Base_manager<_Functor>::_M_manager(std::_Any_data&, const std::_Any_data&, std::_Manager_operation) [with _Functor = ScreenSysSett::ScreenSysSett()::<lambda()>]	0	static
std_function.h:212:2:static bool std::_Function_base::_Base_manager<_Functor>::_M_manager(std::_Any_data&, const std::_Any_data&, std::_Manager_operation) [with _Functor = ScreenSysSett::ScreenSysSett()::<lambda()>]	0	static
std_function.h:212:2:static bool std::_Function_base::_Base_manager<_Functor>::_M_manager(std::_Any_data&, const std::_Any_data&, std::_Manager_operation) [with _Functor = ScreenSysSett::ScreenSysSett()::<lambda()>]	0	static
std_function.h:212:2:static bool std::_Function_base::_Base_manager<_Functor>::_M_manager(std::_Any_data&, const std::_Any_data&, std::_Manager_operation) [with _Functor = ScreenSysSett::ScreenSysSett()::<lambda()>]	0	static
std_function.h:212:2:static bool std::_Function_base::_Base_manager<_Functor>::_M_manager(std::_Any_data&, const std::_Any_data&, std::_Manager_operation) [with _Functor = ScreenSysSett::ScreenSysSett()::<lambda()>]	0	static
std_function.h:212:2:static bool std::_Function_base::_Base_manager<_Functor>::_M_manager(std::_Any_data&, const std::_Any_data&, std::_Manager_operation) [with _Functor = ScreenSettZVU::ScreenSettZVU()::<lambda()>]	0	static
std_function.h:212:2:static bool std::_Function_base::_Base_manager<_Functor>::_M_manager(std::_Any_data&, const std::_Any_data&, std::_Manager_operation) [with _Functor = ScreenSettZVU::ScreenSettZVU()::<lambda()>]	0	static
std_function.h:212:2:static bool std::_Function_base::_Base_manager<_Functor>::_M_manager(std::_Any_data&, const std::_Any_data&, std::_Manager_operation) [with _Functor = ScreenSettZVU::ScreenSettZVU()::<lambda()>]	0	static
std_function.h:212:2:static bool std::_Function_base::_Base_manager<_Functor>::_M_manager(std::_Any_data&, const std::_Any_data&, std::_Manager_operation) [with _Functor = ScreenSettZVU::ScreenSettZVU()::<lambda()>]	0	static
std_function.h:212:2:static bool std::_Function_base::_Base_manager<_Functor>::_M_manager(std::_Any_data&, const std::_Any_data&, std::_Manager_operation) [with _Functor = ScreenSettZVU::ScreenSettZVU()::<lambda()>]	0	static
std_function.h:212:2:static bool std::_Function_base::_Base_manager<_Functor>::_M_manager(std::_Any_data&, const std::_Any_data&, std::_Manager_operation) [with _Functor = ScreenSettZVU::ScreenSettZVU()::<lambda()>]	0	static
std_function.h:212:2:static bool std::_Function_base::_Base_manager<_Functor>::_M_manager(std::_Any_data&, const std::_Any_data&, std::_Manager_operation) [with _Functor = ScreenSettZVU::ScreenSettZVU()::<lambda()>]	0	static
std_function.h:212:2:static bool std::_Function_base::_Base_manager<_Functor>::_M_manager(std::_Any_data&, const std::_Any_data&, std::_Manager_operation) [with _Functor = ScreenSettZVU::ScreenSettZVU()::<lambda()>]	0	static
std_function.h:212:2:static bool std::_Function_base::_Base_manager<_Functor>::_M_manager(std::_Any_data&, const std::_Any_data&, std::_Manager_operation) [with _Functor = ScreenSettZVU::ScreenSettZVU()::<lambda()>]	0	static
std_function.h:212:2:static bool std::_Function_base::_Base_manager<_Functor>::_M_manager(std::_Any_data&, const std::_Any_data&, std::_Manager_operation) [with _Functor = ScreenSettZVU::ScreenSettZVU()::<lambda()>]	0	static
std_function.h:212:2:static bool std::_Function_base::_Base_manager<_Functor>::_M_manager(std::_Any_data&, const std::_Any_data&, std::_Manager_operation) [with _Functor = ScreenSettZVU::ScreenSettZVU()::<lambda()>]	0	static
std_function.h:212:2:static bool std::_Function_base::_Base_manager<_Functor>::_M_manager(std::_Any_data&, const std::_Any_data&, std::_Manager_operation) [with _Functor = ScreenSettZVU::ScreenSettZVU()::<lambda()>]	0	static
std_function.h:212:2:static bool std::_Function_base::_Base_manager<_Functor>::_M_manager(std::_Any_data&, const std::_Any_data&, std::_Manager_operation) [with _Functor = ScreenSettZVU::ScreenSettZVU()::<lambda()>]	0	static
std_function.h:212:2:static bool std::_Function_base::_Base_manager<_Functor>::_M_manager(std::_Any_data&, const std::_Any_data&, std::_Manager_operation) [with _Functor = ScreenSettZVU::ScreenSettZVU()::<lambda()>]	0	static
std_function.h:314:7:) [with _Functor = ScreenZVU::WindowPusk::WindowPusk()::<lambda()>; _ArgTypes = {}]	0	static
std_function.h:212:2:static bool std::_Function_base::_Base_manager<_Functor>::_M_manager(std::_Any_data&, const std::_Any_data&, std::_Manager_operation) [with _Functor = ScreenZVU::WindowPusk::WindowPusk()::<lambda()>]	0	static
std_function.h:212:2:static bool std::_Function_base::_Base_manager<_Functor>::_M_manager(std::_Any_data&, const std::_Any_data&, std::_Manager_operation) [with _Functor = ScreenZVU::WindowPusk::WindowPusk()::<lambda()>]	0	static
std_function.h:212:2:static bool std::_Function_base::_Base_manager<_Functor>::_M_manager(std::_Any_data&, const std::_Any_data&, std::_Manager_operation) [with _Functor = ScreenZVU::ScreenZVU()::<lambda()>]	0	static
std_function.h:212:2:static bool std::_Function_base::_Base_manager<_Functor>::_M_manager(std::_Any_data&, const std::_Any_data&, std::_Manager_operation) [with _Functor = ScreenZVU::ScreenZVU()::<lambda()>]	0	static
std_function.h:212:2:static bool std::_Function_base::_Base_manager<_Functor>::_M_manager(std::_Any_data&, const std::_Any_data&, std::_Manager_operation) [with _Functor = ScreenZVU::ScreenZVU()::<lambda()>]	0	static
std_function.h:314:7:) [with _Functor = ScreenZVU::ScreenZVU()::<lambda()>; _ArgTypes = {}]	0	static
std_function.h:212:2:static bool std::_Function_base::_Base_manager<_Functor>::_M_manager(std::_Any_data&, const std::_Any_data&, std::_Manager_operation) [with _Functor = ScreenZVU::ScreenZVU()::<lambda()>]	0	static
std_function.h:314:7:) [with _Functor = ScreenZVU::ScreenZVU()::<lambda()>; _ArgTypes = {}]	4	static
std_function.h:212:2:static bool std::_Function_base::_Base_manager<_Functor>::_M_manager(std::_Any_data&, const std::_Any_data&, std::_Manager_operation) [with _Functor = ScreenZVU::ScreenZVU()::<lambda()>]	0	static
std_function.h:314:7:) [with _Functor = ScreenBattery::WindowSettings::WindowSettings()::<lambda()>; _ArgTypes = {}]	0	static
std_function.h:212:2:static bool std::_Function_base::_Base_manager<_Functor>::_M_manager(std::_Any_data&, const std::_Any_data&, std::_Manager_operation) [with _Functor = ScreenBattery::WindowSettings::WindowSettings()::<lambda()>]	0	static
std_function.h:212:2:static bool std::_Function_base::_Base_manager<_Functor>::_M_manager(std::_Any_data&, const std::_Any_data&, std::_Manager_operation) [with _Functor = ScreenBattery::WindowSettings::WindowSettings()::<lambda()>]	0	static
std_function.h:212:2:static bool std::_Function_base::_Base_manager<_Functor>::_M_manager(std::_Any_data&, const std::_Any_data&, std::_Manager_operation) [with _Functor = ScreenBattery::WindowSettings::WindowSettings()::<lambda()>]	0	static
std_function.h:212:2:static bool std::_Function_base::_Base_manager<_Functor>::_M_manager(std::_Any_data&, const std::_Any_data&, std::_Manager_operation) [with _Functor = ScreenBattery::WindowSettings::WindowSettings()::<lambda()>]	0	static
std_function.h:314:7:) [with _Functor = ScreenBattery::ScreenBattery()::<lambda()>; _ArgTypes = {}]	0	static
std_function.h:212:2:static bool std::_Function_base::_Base_manager<_Functor>::_M_manager(std::_Any_data&, const std::_Any_data&, std::_Manager_operation) [with _Functor = ScreenBattery::ScreenBattery()::<lambda()>]	0	static
std_function.h:314:7:) [with _Functor = ScreenBattery::ScreenBattery()::<lambda()>; _ArgTypes = {}]	0	static
std_function.h:212:2:static bool std::_Function_base::_Base_manager<_Functor>::_M_manager(std::_Any_data&, const std::_Any_data&, std::_Manager_operation) [with _Functor = ScreenBattery::ScreenBattery()::<lambda()>]	0	static
std_function.h:212:2:static bool std::_Function_base::_Base_manager<_Functor>::_M_manager(std::_Any_data&, const std::_Any_data&, std::_Manager_operation) [with _Functor = ScreenBattery::ScreenBattery()::<lambda()>]	0	static
std_function.h:314:7:) [with _Functor = std::_Bind<void (ScreenBattery::*(ScreenBattery*))()>; _ArgTypes = {}]	4	static
std_function.h:212:2:static bool std::_Function_base::_Base_manager<_Functor>::_M_manager(std::_Any_data&, const std::_Any_data&, std::_Manager_operation) [with _Functor = ScreenAnalogCoef::ScreenAnalogCoef()::<lambda()>]	0	static
std_function.h:212:2:static bool std::_Function_base::_Base_manager<_Functor>::_M_manager(std::_Any_data&, const std::_Any_data&, std::_Manager_operation) [with _Functor = ScreenAnalogCoef::ScreenAnalogCoef()::<lambda()>]	0	static
std_function.h:212:2:static bool std::_Function_base::_Base_manager<_Functor>::_M_manager(std::_Any_data&, const std::_Any_data&, std::_Manager_operation) [with _Functor = ScreenAnalogCoef::ScreenAnalogCoef()::<lambda()>]	0	static
std_function.h:212:2:static bool std::_Function_base::_Base_manager<_Functor>::_M_manager(std::_Any_data&, const std::_Any_data&, std::_Manager_operation) [with _Functor = ScreenAnalogCoef::ScreenAnalogCoef()::<lambda()>]	0	static
std_function.h:212:2:static bool std::_Function_base::_Base_manager<_Functor>::_M_manager(std::_Any_data&, const std::_Any_data&, std::_Manager_operation) [with _Functor = ScreenAnalogCoef::ScreenAnalogCoef()::<lambda()>]	0	static
std_function.h:212:2:static bool std::_Function_base::_Base_manager<_Functor>::_M_manager(std::_Any_data&, const std::_Any_data&, std::_Manager_operation) [with _Functor = ScreenAnalogCoef::ScreenAnalogCoef()::<lambda()>]	0	static
std_function.h:212:2:static bool std::_Function_base::_Base_manager<_Functor>::_M_manager(std::_Any_data&, const std::_Any_data&, std::_Manager_operation) [with _Functor = ScreenSetAnalogPl::ScreenSetAnalogPl()::<lambda()>]	0	static
std_function.h:212:2:static bool std::_Function_base::_Base_manager<_Functor>::_M_manager(std::_Any_data&, const std::_Any_data&, std::_Manager_operation) [with _Functor = ScreenSetAnalogPl::ScreenSetAnalogPl()::<lambda()>]	0	static
std_function.h:212:2:static bool std::_Function_base::_Base_manager<_Functor>::_M_manager(std::_Any_data&, const std::_Any_data&, std::_Manager_operation) [with _Functor = ScreenSetAnalogPl::ScreenSetAnalogPl()::<lambda()>]	0	static
std_function.h:212:2:static bool std::_Function_base::_Base_manager<_Functor>::_M_manager(std::_Any_data&, const std::_Any_data&, std::_Manager_operation) [with _Functor = ScreenSetAnalogPl::ScreenSetAnalogPl()::<lambda()>]	0	static
std_function.h:212:2:static bool std::_Function_base::_Base_manager<_Functor>::_M_manager(std::_Any_data&, const std::_Any_data&, std::_Manager_operation) [with _Functor = ScreenSetAnalogPl::ScreenSetAnalogPl()::<lambda()>]	0	static
std_function.h:212:2:static bool std::_Function_base::_Base_manager<_Functor>::_M_manager(std::_Any_data&, const std::_Any_data&, std::_Manager_operation) [with _Functor = ScreenSetAnalogPl::ScreenSetAnalogPl()::<lambda()>]	0	static
std_function.h:212:2:static bool std::_Function_base::_Base_manager<_Functor>::_M_manager(std::_Any_data&, const std::_Any_data&, std::_Manager_operation) [with _Functor = ScreenSetAnalogPl::ScreenSetAnalogPl()::<lambda()>]	0	static
std_function.h:212:2:static bool std::_Function_base::_Base_manager<_Functor>::_M_manager(std::_Any_data&, const std::_Any_data&, std::_Manager_operation) [with _Functor = ScreenSetAnalogPl::ScreenSetAnalogPl()::<lambda()>]	0	static
std_function.h:212:2:static bool std::_Function_base::_Base_manager<_Functor>::_M_manager(std::_Any_data&, const std::_Any_data&, std::_Manager_operation) [with _Functor = ScreenSetAnalogPl::ScreenSetAnalogPl()::<lambda()>]	0	static
std_function.h:212:2:static bool std::_Function_base::_Base_manager<_Functor>::_M_manager(std::_Any_data&, const std::_Any_data&, std::_Manager_operation) [with _Functor = ScreenSetAnalogPl::ScreenSetAnalogPl()::<lambda()>]	0	static
std_function.h:212:2:static bool std::_Function_base::_Base_manager<_Functor>::_M_manager(std::_Any_data&, const std::_Any_data&, std::_Manager_operation) [with _Functor = ScreenAnalogTestIO::ScreenAnalogTestIO()::<lambda()>]	0	static
std_function.h:212:2:static bool std::_Function_base::_Base_manager<_Functor>::_M_manager(std::_Any_data&, const std::_Any_data&, std::_Manager_operation) [with _Functor = ScreenAnalogTestIO::ScreenAnalogTestIO()::<lambda()>]	0	static
std_function.h:212:2:static bool std::_Function_base::_Base_manager<_Functor>::_M_manager(std::_Any_data&, const std::_Any_data&, std::_Manager_operation) [with _Functor = ScreenAnalogTestIO::ScreenAnalogTestIO()::<lambda()>]	0	static
std_function.h:212:2:static bool std::_Function_base::_Base_manager<_Functor>::_M_manager(std::_Any_data&, const std::_Any_data&, std::_Manager_operation) [with _Functor = ScreenAnalogTestIO::ScreenAnalogTestIO()::<lambda()>]	0	static
std_function.h:212:2:static bool std::_Function_base::_Base_manager<_Functor>::_M_manager(std::_Any_data&, const std::_Any_data&, std::_Manager_operation) [with _Functor = ScreenAnalogTestIO::ScreenAnalogTestIO()::<lambda()>]	0	static
std_function.h:212:2:static bool std::_Function_base::_Base_manager<_Functor>::_M_manager(std::_Any_data&, const std::_Any_data&, std::_Manager_operation) [with _Functor = ScreenAnalogTestIO::ScreenAnalogTestIO()::<lambda()>]	0	static
std_function.h:212:2:static bool std::_Function_base::_Base_manager<_Functor>::_M_manager(std::_Any_data&, const std::_Any_data&, std::_Manager_operation) [with _Functor = ScreenAnalogTestIO::ScreenAnalogTestIO()::<lambda()>]	0	static
std_function.h:314:7:) [with _Functor = ScreenAnalogPl::WindowZero::WindowZero()::<lambda()>; _ArgTypes = {}]	0	static
std_function.h:212:2:static bool std::_Function_base::_Base_manager<_Functor>::_M_manager(std::_Any_data&, const std::_Any_data&, std::_Manager_operation) [with _Functor = ScreenAnalogPl::WindowZero::WindowZero()::<lambda()>]	0	static
std_function.h:212:2:static bool std::_Function_base::_Base_manager<_Functor>::_M_manager(std::_Any_data&, const std::_Any_data&, std::_Manager_operation) [with _Functor = ScreenAnalogPl::WindowZero::WindowZero()::<lambda()>]	0	static
std_function.h:212:2:static bool std::_Function_base::_Base_manager<_Functor>::_M_manager(std::_Any_data&, const std::_Any_data&, std::_Manager_operation) [with _Functor = ScreenAnalogPl::ScreenAnalogPl()::<lambda()>]	0	static
std_function.h:212:2:static bool std::_Function_base::_Base_manager<_Functor>::_M_manager(std::_Any_data&, const std::_Any_data&, std::_Manager_operation) [with _Functor = ScreenAnalogPl::ScreenAnalogPl()::<lambda()>]	0	static
std_function.h:212:2:static bool std::_Function_base::_Base_manager<_Functor>::_M_manager(std::_Any_data&, const std::_Any_data&, std::_Manager_operation) [with _Functor = ScreenAnalogPl::ScreenAnalogPl()::<lambda()>]	0	static
std_function.h:212:2:static bool std::_Function_base::_Base_manager<_Functor>::_M_manager(std::_Any_data&, const std::_Any_data&, std::_Manager_operation) [with _Functor = ScreenAnalogPl::ScreenAnalogPl()::<lambda()>]	0	static
std_function.h:212:2:static bool std::_Function_base::_Base_manager<_Functor>::_M_manager(std::_Any_data&, const std::_Any_data&, std::_Manager_operation) [with _Functor = ScreenMain::ScreenMain()::<lambda()>]	0	static
std_function.h:212:2:static bool std::_Function_base::_Base_manager<_Functor>::_M_manager(std::_Any_data&, const std::_Any_data&, std::_Manager_operation) [with _Functor = ScreenMain::ScreenMain()::<lambda()>]	0	static
std_function.h:314:7:) [with _Functor = ScreenContrlInsulation::ScreenContrlInsulation()::<lambda()>; _ArgTypes = {}]	0	static
std_function.h:212:2:static bool std::_Function_base::_Base_manager<_Functor>::_M_manager(std::_Any_data&, const std::_Any_data&, std::_Manager_operation) [with _Functor = ScreenContrlInsulation::ScreenContrlInsulation()::<lambda()>]	0	static
std_function.h:314:7:) [with _Functor = ScreenContrlInsulation::ScreenContrlInsulation()::<lambda()>; _ArgTypes = {}]	0	static
std_function.h:212:2:static bool std::_Function_base::_Base_manager<_Functor>::_M_manager(std::_Any_data&, const std::_Any_data&, std::_Manager_operation) [with _Functor = ScreenContrlInsulation::ScreenContrlInsulation()::<lambda()>]	0	static
std_function.h:212:2:static bool std::_Function_base::_Base_manager<_Functor>::_M_manager(std::_Any_data&, const std::_Any_data&, std::_Manager_operation) [with _Functor = ScreenSetBKI::ScreenSetBKI()::<lambda()>]	0	static
std_function.h:212:2:static bool std::_Function_base::_Base_manager<_Functor>::_M_manager(std::_Any_data&, const std::_Any_data&, std::_Manager_operation) [with _Functor = ScreenSetBKI::ScreenSetBKI()::<lambda()>]	0	static
std_function.h:212:2:static bool std::_Function_base::_Base_manager<_Functor>::_M_manager(std::_Any_data&, const std::_Any_data&, std::_Manager_operation) [with _Functor = ScreenSetBKI::ScreenSetBKI()::<lambda()>]	0	static
std_function.h:212:2:static bool std::_Function_base::_Base_manager<_Functor>::_M_manager(std::_Any_data&, const std::_Any_data&, std::_Manager_operation) [with _Functor = ScreenSetBKI::ScreenSetBKI()::<lambda()>]	0	static
std_function.h:212:2:static bool std::_Function_base::_Base_manager<_Functor>::_M_manager(std::_Any_data&, const std::_Any_data&, std::_Manager_operation) [with _Functor = ScreenBKI::ScreenBKI()::<lambda()>]	0	static
std_function.h:212:2:static bool std::_Function_base::_Base_manager<_Functor>::_M_manager(std::_Any_data&, const std::_Any_data&, std::_Manager_operation) [with _Functor = ScreenBKI::ScreenBKI()::<lambda()>]	0	static
std_function.h:212:2:static bool std::_Function_base::_Base_manager<_Functor>::_M_manager(std::_Any_data&, const std::_Any_data&, std::_Manager_operation) [with _Functor = ScreenMenu::ScreenMenu()::<lambda()>]	0	static
std_function.h:212:2:static bool std::_Function_base::_Base_manager<_Functor>::_M_manager(std::_Any_data&, const std::_Any_data&, std::_Manager_operation) [with _Functor = ScreenMenu::ScreenMenu()::<lambda()>]	0	static
std_function.h:212:2:static bool std::_Function_base::_Base_manager<_Functor>::_M_manager(std::_Any_data&, const std::_Any_data&, std::_Manager_operation) [with _Functor = ScreenMenu::ScreenMenu()::<lambda()>]	0	static
std_function.h:212:2:static bool std::_Function_base::_Base_manager<_Functor>::_M_manager(std::_Any_data&, const std::_Any_data&, std::_Manager_operation) [with _Functor = ScreenMenu::ScreenMenu()::<lambda()>]	0	static
std_function.h:212:2:static bool std::_Function_base::_Base_manager<_Functor>::_M_manager(std::_Any_data&, const std::_Any_data&, std::_Manager_operation) [with _Functor = ScreenMenu::ScreenMenu()::<lambda()>]	0	static
std_function.h:212:2:static bool std::_Function_base::_Base_manager<_Functor>::_M_manager(std::_Any_data&, const std::_Any_data&, std::_Manager_operation) [with _Functor = ScreenMenu::ScreenMenu()::<lambda()>]	0	static
std_function.h:314:7:) [with _Functor = std::_Bind<void (ScreenGlobal::*(ScreenGlobal*))()>; _ArgTypes = {}]	4	static
std_function.h:212:2:static bool std::_Function_base::_Base_manager<_Functor>::_M_manager(std::_Any_data&, const std::_Any_data&, std::_Manager_operation) [with _Functor = ScreenGlobal::ScreenGlobal()::<lambda()>]	0	static
std_function.h:212:2:static bool std::_Function_base::_Base_manager<_Functor>::_M_manager(std::_Any_data&, const std::_Any_data&, std::_Manager_operation) [with _Functor = ScreenGlobal::ScreenGlobal()::<lambda()>]	0	static
std_function.h:314:7:) [with _Functor = ScreenSettZVU::ScreenSettZVU()::<lambda()>; _ArgTypes = {}]	0	static
std_function.h:314:7:) [with _Functor = ScreenSettZVU::ScreenSettZVU()::<lambda()>; _ArgTypes = {}]	0	static
std_function.h:314:7:) [with _Functor = ScreenSettZVU::ScreenSettZVU()::<lambda()>; _ArgTypes = {}]	0	static
std_function.h:314:7:) [with _Functor = ScreenSettZVU::ScreenSettZVU()::<lambda()>; _ArgTypes = {}]	0	static
std_function.h:314:7:) [with _Functor = ScreenBattery::WindowSettings::WindowSettings()::<lambda()>; _ArgTypes = {}]	0	static
std_function.h:314:7:) [with _Functor = ScreenBattery::WindowSettings::WindowSettings()::<lambda()>; _ArgTypes = {}]	0	static
std_function.h:314:7:) [with _Functor = ScreenBattery::WindowSettings::WindowSettings()::<lambda()>; _ArgTypes = {}]	0	static
std_function.h:314:7:) [with _Functor = ScreenSetAnalogPl::ScreenSetAnalogPl()::<lambda()>; _ArgTypes = {}]	0	static
std_function.h:314:7:) [with _Functor = ScreenSetAnalogPl::ScreenSetAnalogPl()::<lambda()>; _ArgTypes = {}]	0	static
std_function.h:314:7:) [with _Functor = ScreenSetAnalogPl::ScreenSetAnalogPl()::<lambda()>; _ArgTypes = {}]	0	static
std_function.h:314:7:) [with _Functor = ScreenSetAnalogPl::ScreenSetAnalogPl()::<lambda()>; _ArgTypes = {}]	0	static
std_function.h:314:7:) [with _Functor = ScreenSetAnalogPl::ScreenSetAnalogPl()::<lambda()>; _ArgTypes = {}]	0	static
std_function.h:314:7:) [with _Functor = ScreenSetBKI::ScreenSetBKI()::<lambda()>; _ArgTypes = {}]	0	static
std_function.h:314:7:) [with _Functor = ScreenZVU::WindowPusk::WindowPusk()::<lambda()>; _ArgTypes = {}]	24	static
std_function.h:314:7:) [with _Functor = ScreenZVU::ScreenZVU()::<lambda()>; _ArgTypes = {}]	24	static
std_function.h:314:7:) [with _Functor = ScreenAnalogPl::WindowZero::WindowZero()::<lambda()>; _ArgTypes = {}]	24	static
ScreenGlobal.h:53:7:void ScreenGlobal::Loop()	40	static
std_function.h:314:7:) [with _Functor = ScreenAutorization::ScreenAutorization()::<lambda()>; _ArgTypes = {}]	8	static
std_function.h:314:7:) [with _Functor = ScreenSysSett::ScreenSysSett()::<lambda()>; _ArgTypes = {}]	0	static
std_function.h:314:7:) [with _Functor = ScreenSysSett::ScreenSysSett()::<lambda()>; _ArgTypes = {}]	0	static
std_function.h:314:7:) [with _Functor = ScreenSysSett::ScreenSysSett()::<lambda()>; _ArgTypes = {}]	0	static
std_function.h:314:7:) [with _Functor = ScreenZVU::ScreenZVU()::<lambda()>; _ArgTypes = {}]	0	static
std_function.h:314:7:) [with _Functor = ScreenAnalogPl::ScreenAnalogPl()::<lambda()>; _ArgTypes = {}]	0	static
std_function.h:314:7:) [with _Functor = ScreenAnalogPl::ScreenAnalogPl()::<lambda()>; _ArgTypes = {}]	0	static
std_function.h:314:7:) [with _Functor = ScreenAnalogPl::ScreenAnalogPl()::<lambda()>; _ArgTypes = {}]	0	static
std_function.h:314:7:) [with _Functor = ScreenMain::ScreenMain()::<lambda()>; _ArgTypes = {}]	0	static
std_function.h:314:7:) [with _Functor = ScreenMain::ScreenMain()::<lambda()>; _ArgTypes = {}]	0	static
std_function.h:314:7:) [with _Functor = ScreenBKI::ScreenBKI()::<lambda()>; _ArgTypes = {}]	0	static
std_function.h:314:7:) [with _Functor = ScreenBKI::ScreenBKI()::<lambda()>; _ArgTypes = {}]	0	static
std_function.h:314:7:) [with _Functor = ScreenMenu::ScreenMenu()::<lambda()>; _ArgTypes = {}]	0	static
std_function.h:314:7:) [with _Functor = ScreenMenu::ScreenMenu()::<lambda()>; _ArgTypes = {}]	0	static
std_function.h:314:7:) [with _Functor = ScreenMenu::ScreenMenu()::<lambda()>; _ArgTypes = {}]	0	static
std_function.h:314:7:) [with _Functor = ScreenMenu::ScreenMenu()::<lambda()>; _ArgTypes = {}]	0	static
std_function.h:314:7:) [with _Functor = ScreenMenu::ScreenMenu()::<lambda()>; _ArgTypes = {}]	0	static
std_function.h:314:7:) [with _Functor = ScreenMenu::ScreenMenu()::<lambda()>; _ArgTypes = {}]	0	static
std_function.h:314:7:) [with _Functor = ScreenGlobal::ScreenGlobal()::<lambda()>; _ArgTypes = {}]	0	static
ScreenMain.h:118:10:virtual void ScreenMain::Loop()	16	static
ScreenBKI.h:106:10:virtual void ScreenBKI::Loop()	24	static
std_function.h:314:7:) [with _Functor = ScreenSetTime::ScreenSetTime()::<lambda()>; _ArgTypes = {}]	0	static
std_function.h:314:7:) [with _Functor = ScreenSetTime::ScreenSetTime()::<lambda()>; _ArgTypes = {}]	0	static
std_function.h:314:7:) [with _Functor = ScreenSetTime::ScreenSetTime()::<lambda()>; _ArgTypes = {}]	0	static
std_function.h:314:7:) [with _Functor = ScreenSetTime::ScreenSetTime()::<lambda()>; _ArgTypes = {}]	0	static
std_function.h:314:7:) [with _Functor = ScreenSetTime::ScreenSetTime()::<lambda()>; _ArgTypes = {}]	0	static
std_function.h:314:7:) [with _Functor = ScreenSetTime::ScreenSetTime()::<lambda()>; _ArgTypes = {}]	0	static
std_function.h:314:7:) [with _Functor = ScreenBattery::ScreenBattery()::<lambda()>; _ArgTypes = {}]	8	static
std_function.h:314:7:) [with _Functor = ScreenZVU::ScreenZVU()::<lambda()>; _ArgTypes = {}]	0	static
std_function.h:314:7:) [with _Functor = ScreenAnalogPl::ScreenAnalogPl()::<lambda()>; _ArgTypes = {}]	0	static
ScreenEvents.h:326:7:virtual bool ScreenEvents::JumpFrom()	8	static
std_function.h:314:7:) [with _Functor = ScreenEvents::ScreenEvents()::<lambda()>; _ArgTypes = {}]	8	static
std_function.h:314:7:) [with _Functor = ScreenAutorization::ScreenAutorization()::<lambda()>; _ArgTypes = {}]	0	static
std_function.h:314:7:) [with _Functor = ScreenAnalogCoef::ScreenAnalogCoef()::<lambda()>; _ArgTypes = {}]	40	static
std_function.h:314:7:) [with _Functor = ScreenSetAnalogPl::ScreenSetAnalogPl()::<lambda()>; _ArgTypes = {}]	40	static
std_function.h:314:7:) [with _Functor = ScreenSetBKI::ScreenSetBKI()::<lambda()>; _ArgTypes = {}]	24	static
std_function.h:314:7:) [with _Functor = ScreenAnalogTestIO::ScreenAnalogTestIO()::<lambda()>; _ArgTypes = {}]	24	static
basic_string.tcc:206:7:void std::__cxx11::basic_string<_CharT, _Traits, _Alloc>::_M_construct(_InIterator, _InIterator, std::forward_iterator_tag) [with _FwdIterator = const char*; _CharT = char; _Traits = std::char_traits<char>; _Alloc = std::allocator<char>]	24	static
basic_string.h:509:7:std::__cxx11::basic_string<_CharT, _Traits, _Alloc>::basic_string(const _CharT*, const _Alloc&) [with _CharT = char; _Traits = std::char_traits<char>; _Alloc = std::allocator<char>]	16	static
std_function.h:212:2:static bool std::_Function_base::_Base_manager<_Functor>::_M_manager(std::_Any_data&, const std::_Any_data&, std::_Manager_operation) [with _Functor = std::_Bind<void (ScreenBattery::*(ScreenBattery*))()>]	16	static
std_function.h:212:2:static bool std::_Function_base::_Base_manager<_Functor>::_M_manager(std::_Any_data&, const std::_Any_data&, std::_Manager_operation) [with _Functor = std::_Bind<void (ScreenGlobal::*(ScreenGlobal*))()>]	16	static
ScreenCrash.h:90:7:void ScreenCrash::delCrash(NumberCrash)	32	static
string_conversions.h:99:5:) [with _String = std::__cxx11::basic_string<char>; _CharT = char]	52	dynamic
ScreenCOM.h:103:7:virtual void ScreenCOM::Loop()	56	static
std_function.h:314:7:) [with _Functor = ScreenSysSett::ScreenSysSett()::<lambda()>; _ArgTypes = {}]	8	static
std_function.h:314:7:) [with _Functor = ScreenSysSett::ScreenSysSett()::<lambda()>; _ArgTypes = {}]	8	static
std_function.h:314:7:) [with _Functor = ScreenSetBKI::ScreenSetBKI()::<lambda()>; _ArgTypes = {}]	24	static
std_function.h:314:7:) [with _Functor = ScreenSetBKI::ScreenSetBKI()::<lambda()>; _ArgTypes = {}]	24	static
std_function.h:314:7:) [with _Functor = ScreenSetAnalogPl::ScreenSetAnalogPl()::<lambda()>; _ArgTypes = {}]	40	static
std_function.h:314:7:) [with _Functor = ScreenSetAnalogPl::ScreenSetAnalogPl()::<lambda()>; _ArgTypes = {}]	40	static
std_function.h:314:7:) [with _Functor = ScreenSetAnalogPl::ScreenSetAnalogPl()::<lambda()>; _ArgTypes = {}]	40	static
std_function.h:314:7:) [with _Functor = ScreenSetAnalogPl::ScreenSetAnalogPl()::<lambda()>; _ArgTypes = {}]	40	static
ScreenBattery.h:167:7:virtual void ScreenBattery::Loop()	104	static
std_function.h:314:7:) [with _Functor = ScreenAnalogCoef::ScreenAnalogCoef()::<lambda()>; _ArgTypes = {}]	40	static
std_function.h:314:7:) [with _Functor = ScreenAnalogCoef::ScreenAnalogCoef()::<lambda()>; _ArgTypes = {}]	40	static
std_function.h:314:7:) [with _Functor = ScreenAnalogCoef::ScreenAnalogCoef()::<lambda()>; _ArgTypes = {}]	40	static
std_function.h:314:7:) [with _Functor = ScreenAnalogCoef::ScreenAnalogCoef()::<lambda()>; _ArgTypes = {}]	40	static
std_function.h:314:7:) [with _Functor = ScreenAnalogCoef::ScreenAnalogCoef()::<lambda()>; _ArgTypes = {}]	40	static
std_function.h:314:7:) [with _Functor = ScreenAutorization::ScreenAutorization()::<lambda()>; _ArgTypes = {}]	72	static
std_function.h:314:7:) [with _Functor = ScreenAnalogTestIO::ScreenAnalogTestIO()::<lambda()>; _ArgTypes = {}]	24	static
std_function.h:314:7:) [with _Functor = ScreenAnalogTestIO::ScreenAnalogTestIO()::<lambda()>; _ArgTypes = {}]	24	static
std_function.h:314:7:) [with _Functor = ScreenAnalogTestIO::ScreenAnalogTestIO()::<lambda()>; _ArgTypes = {}]	24	static
std_function.h:314:7:) [with _Functor = ScreenAnalogTestIO::ScreenAnalogTestIO()::<lambda()>; _ArgTypes = {}]	24	static
std_function.h:314:7:) [with _Functor = ScreenAnalogTestIO::ScreenAnalogTestIO()::<lambda()>; _ArgTypes = {}]	24	static
std_function.h:314:7:) [with _Functor = ScreenAnalogTestIO::ScreenAnalogTestIO()::<lambda()>; _ArgTypes = {}]	24	static
std_function.h:314:7:) [with _Functor = ScreenAutorization::ScreenAutorization()::<lambda()>; _ArgTypes = {}]	120	static
ScreenCrash.h:79:7:bool ScreenCrash::addCrash(NumberCrash)	40	static
std_function.h:314:7:) [with _Functor = ScreenSettZVU::ScreenSettZVU()::<lambda()>; _ArgTypes = {}]	88	static
std_function.h:314:7:) [with _Functor = ScreenSettZVU::ScreenSettZVU()::<lambda()>; _ArgTypes = {}]	32	static
std_function.h:314:7:) [with _Functor = ScreenSettZVU::ScreenSettZVU()::<lambda()>; _ArgTypes = {}]	32	static
std_function.h:314:7:) [with _Functor = ScreenSettZVU::ScreenSettZVU()::<lambda()>; _ArgTypes = {}]	32	static
std_function.h:314:7:) [with _Functor = ScreenSettZVU::ScreenSettZVU()::<lambda()>; _ArgTypes = {}]	32	static
std_function.h:314:7:) [with _Functor = ScreenSettZVU::ScreenSettZVU()::<lambda()>; _ArgTypes = {}]	32	static
std_function.h:314:7:) [with _Functor = ScreenSettZVU::ScreenSettZVU()::<lambda()>; _ArgTypes = {}]	32	static
std_function.h:314:7:) [with _Functor = ScreenSettZVU::ScreenSettZVU()::<lambda()>; _ArgTypes = {}]	32	static
std_function.h:314:7:) [with _Functor = ScreenSettZVU::ScreenSettZVU()::<lambda()>; _ArgTypes = {}]	32	static
std_function.h:314:7:) [with _Functor = ScreenSettZVU::ScreenSettZVU()::<lambda()>; _ArgTypes = {}]	88	static
VALabel.h:27:7:VA::Label::~Label()	16	static
VABaseScreen.h:23:7:VA::BaseScreen::~BaseScreen()	8	static
VABaseWindow.h:15:7:VA::BaseWindow::~BaseWindow()	24	static
BaseDevice.h:12:7:BaseDevice::~BaseDevice()	8	static
ScreenEvents.h:356:14:std::__cxx11::string ScreenEvents::convertTime(Event_t)	96	static
ScreenZVU.h:26:8:ScreenZVU::WindowPusk::~WindowPusk()	24	static
ScreenZVU.h:267:6:void UpdateRegime()	40	static
ScreenSettZVU.h:193:10:virtual void ScreenSettZVU::Loop()	16	static
ScreenZVU.h:193:10:virtual void ScreenZVU::Loop()	40	static
ScreenSettZVU.h:201:10:virtual void ScreenSettZVU::JumpTo()	16	static
ScreenAnalogPl.h:21:8:ScreenAnalogPl::WindowZero::~WindowZero()	24	static
ScreenGlobal.h:98:29:ScreenGlobal::ScreenGlobal()::<lambda()>	8	static
std_function.h:314:7:) [with _Functor = ScreenGlobal::ScreenGlobal()::<lambda()>; _ArgTypes = {}]	8	static
ScreenGlobal.h:98:29:static void ScreenGlobal::ScreenGlobal()::<lambda()>::_FUN()	8	static
Loop.cpp:76:6:void Setup()	72	static
Loop.cpp:134:6:void LoopTask(void*)	80	static,ignoring_inline_asm
Loop.cpp:380:6:void ExchangeTask(void*)	104	static
Loop.cpp:458:6:void write(WriteBuf_t)	24	static
Loop.cpp:463:6:void ShowDefault(void*)	80	static
Loop.cpp:478:6:void EEPROMTask(void*)	16	static,ignoring_inline_asm
Loop.cpp:488:6:void EraseEvent()	16	static
Loop.cpp:493:6:void SleepTFT(void*)	0	static
Loop.cpp:497:6:void VA_UART_TxCpltCallback(UART_HandleTypeDef*)	8	static
Loop.cpp:502:6:void VA_USART_IRQHandler(UART_HandleTypeDef*)	8	static
stl_vector.h:433:7:std::vector<_Tp, _Alloc>::~vector() [with _Tp = std::function<void()>; _Alloc = std::allocator<std::function<void()> >]	16	static
ScreenBattery.h:21:8:ScreenBattery::WindowSettings::~WindowSettings()	40	static
Graphics.h:42:1:VA::Graphics::Graphics(T, uint16_t, uint16_t, uint16_t, uint16_t, uint16_t, VA::Figure, uint16_t, bool) [with T = ScreenEvents*]	32	static
VAButton.h:19:2:VA::Button::Button(T, uint16_t, uint16_t, uint16_t, uint16_t, uint16_t, std::__cxx11::string, uint16_t) [with T = VA::Canvas*]	104	static
VALabel.h:56:2:VA::Label::Label(T, uint16_t, uint16_t, uint16_t, uint16_t, std::__cxx11::string, Fonts, FontForms, VA::VALabelScale, VA::VALabelAlignX, VA::VALabelAlignY, uint16_t) [with T = ScreenEvents*]	64	static
basic_string.h:5879:5:std::__cxx11::basic_string<_CharT, _Traits, _Alloc> std::operator+(const std::__cxx11::basic_string<_CharT, _Traits, _Alloc>&, const std::__cxx11::basic_string<_CharT, _Traits, _Alloc>&) [with _CharT = char; _Traits = std::char_traits<char>; _Alloc = std::allocator<char>]	16	static
ScreenCrash.h:115:7:virtual void ScreenCrash::Loop()	120	static
ScreenEvents.h:195:7:virtual void ScreenEvents::Loop()	200	static
VALabel.h:56:2:VA::Label::Label(T, uint16_t, uint16_t, uint16_t, uint16_t, std::__cxx11::string, Fonts, FontForms, VA::VALabelScale, VA::VALabelAlignX, VA::VALabelAlignY, uint16_t) [with T = ScreenCrash*]	64	static
VADisplay.h:30:2:VA::Display::Display(T, uint16_t, uint16_t, uint16_t, uint16_t, uint16_t*, uint8_t, uint8_t, uint16_t, uint16_t, VA::Keyboard*) [with T = ScreenSetTime*]	112	static
VALabel.h:56:2:VA::Label::Label(T, uint16_t, uint16_t, uint16_t, uint16_t, std::__cxx11::string, Fonts, FontForms, VA::VALabelScale, VA::VALabelAlignX, VA::VALabelAlignY, uint16_t) [with T = ScreenSetTime*]	64	static
VALabel.h:56:2:VA::Label::Label(T, uint16_t, uint16_t, uint16_t, uint16_t, std::__cxx11::string, Fonts, FontForms, VA::VALabelScale, VA::VALabelAlignX, VA::VALabelAlignY, uint16_t) [with T = ScreenSysSett*]	64	static
VALabel.h:56:2:VA::Label::Label(T, uint16_t, uint16_t, uint16_t, uint16_t, std::__cxx11::string, Fonts, FontForms, VA::VALabelScale, VA::VALabelAlignX, VA::VALabelAlignY, uint16_t) [with T = ScreenSettZVU*]	64	static
VADisplay.h:30:2:VA::Display::Display(T, uint16_t, uint16_t, uint16_t, uint16_t, uint16_t*, uint8_t, uint8_t, uint16_t, uint16_t, VA::Keyboard*) [with T = ScreenSettZVU*]	128	static
VALabel.h:56:2:VA::Label::Label(T, uint16_t, uint16_t, uint16_t, uint16_t, std::__cxx11::string, Fonts, FontForms, VA::VALabelScale, VA::VALabelAlignX, VA::VALabelAlignY, uint16_t) [with T = ScreenZVU*]	64	static
VAButton.h:19:2:VA::Button::Button(T, uint16_t, uint16_t, uint16_t, uint16_t, uint16_t, std::__cxx11::string, uint16_t) [with T = ScreenZVU*]	120	static
VADisplay.h:30:2:VA::Display::Display(T, uint16_t, uint16_t, uint16_t, uint16_t, uint16_t*, uint8_t, uint8_t, uint16_t, uint16_t, VA::Keyboard*) [with T = ScreenZVU*]	128	static
VALabel.h:56:2:VA::Label::Label(T, uint16_t, uint16_t, uint16_t, uint16_t, std::__cxx11::string, Fonts, FontForms, VA::VALabelScale, VA::VALabelAlignX, VA::VALabelAlignY, uint16_t) [with T = ScreenBattery::WindowSettings*]	64	static
VALabel.h:56:2:VA::Label::Label(T, uint16_t, uint16_t, uint16_t, uint16_t, std::__cxx11::string, Fonts, FontForms, VA::VALabelScale, VA::VALabelAlignX, VA::VALabelAlignY, uint16_t) [with T = ScreenBattery*]	64	static
VADisplay.h:30:2:VA::Display::Display(T, uint16_t, uint16_t, uint16_t, uint16_t, uint16_t*, uint8_t, uint8_t, uint16_t, uint16_t, VA::Keyboard*) [with T = ScreenBattery*]	128	static
VALabel.h:56:2:VA::Label::Label(T, uint16_t, uint16_t, uint16_t, uint16_t, std::__cxx11::string, Fonts, FontForms, VA::VALabelScale, VA::VALabelAlignX, VA::VALabelAlignY, uint16_t) [with T = ScreenAnalogCoef*]	64	static
VADisplay.h:30:2:VA::Display::Display(T, uint16_t, uint16_t, uint16_t, uint16_t, uint16_t*, uint8_t, uint8_t, uint16_t, uint16_t, VA::Keyboard*) [with T = ScreenAnalogCoef*]	128	static
VALabel.h:56:2:VA::Label::Label(T, uint16_t, uint16_t, uint16_t, uint16_t, std::__cxx11::string, Fonts, FontForms, VA::VALabelScale, VA::VALabelAlignX, VA::VALabelAlignY, uint16_t) [with T = ScreenSetAnalogPl*]	64	static
VADisplay.h:30:2:VA::Display::Display(T, uint16_t, uint16_t, uint16_t, uint16_t, uint16_t*, uint8_t, uint8_t, uint16_t, uint16_t, VA::Keyboard*) [with T = ScreenSetAnalogPl*]	128	static
VALabel.h:56:2:VA::Label::Label(T, uint16_t, uint16_t, uint16_t, uint16_t, std::__cxx11::string, Fonts, FontForms, VA::VALabelScale, VA::VALabelAlignX, VA::VALabelAlignY, uint16_t) [with T = ScreenAnalogTestIO*]	64	static
Graphics.h:42:1:VA::Graphics::Graphics(T, uint16_t, uint16_t, uint16_t, uint16_t, uint16_t, VA::Figure, uint16_t, bool) [with T = ScreenMain*]	32	static
VALabel.h:56:2:VA::Label::Label(T, uint16_t, uint16_t, uint16_t, uint16_t, std::__cxx11::string, Fonts, FontForms, VA::VALabelScale, VA::VALabelAlignX, VA::VALabelAlignY, uint16_t) [with T = ScreenMain*]	64	static
VADisplay.h:30:2:VA::Display::Display(T, uint16_t, uint16_t, uint16_t, uint16_t, uint16_t*, uint8_t, uint8_t, uint16_t, uint16_t, VA::Keyboard*) [with T = ScreenMain*]	128	static
VALabel.h:56:2:VA::Label::Label(T, uint16_t, uint16_t, uint16_t, uint16_t, std::__cxx11::string, Fonts, FontForms, VA::VALabelScale, VA::VALabelAlignX, VA::VALabelAlignY, uint16_t) [with T = ScreenContrlInsulation*]	64	static
VADisplay.h:30:2:VA::Display::Display(T, uint16_t, uint16_t, uint16_t, uint16_t, uint16_t*, uint8_t, uint8_t, uint16_t, uint16_t, VA::Keyboard*) [with T = ScreenContrlInsulation*]	128	static
VALabel.h:56:2:VA::Label::Label(T, uint16_t, uint16_t, uint16_t, uint16_t, std::__cxx11::string, Fonts, FontForms, VA::VALabelScale, VA::VALabelAlignX, VA::VALabelAlignY, uint16_t) [with T = ScreenSetBKI*]	64	static
VADisplay.h:30:2:VA::Display::Display(T, uint16_t, uint16_t, uint16_t, uint16_t, uint16_t*, uint8_t, uint8_t, uint16_t, uint16_t, VA::Keyboard*) [with T = ScreenSetBKI*]	112	static
VALabel.h:56:2:VA::Label::Label(T, uint16_t, uint16_t, uint16_t, uint16_t, std::__cxx11::string, Fonts, FontForms, VA::VALabelScale, VA::VALabelAlignX, VA::VALabelAlignY, uint16_t) [with T = ScreenBKI*]	64	static
VADisplay.h:30:2:VA::Display::Display(T, uint16_t, uint16_t, uint16_t, uint16_t, uint16_t*, uint8_t, uint8_t, uint16_t, uint16_t, VA::Keyboard*) [with T = ScreenBKI*]	128	static
VAButton.h:19:2:VA::Button::Button(T, uint16_t, uint16_t, uint16_t, uint16_t, uint16_t, std::__cxx11::string, uint16_t) [with T = ScreenMenu*]	104	static
vector.tcc:394:7:) [with _Args = {const BaseDevice::RegistersExchange&}; _Tp = BaseDevice::RegistersExchange; _Alloc = std::allocator<BaseDevice::RegistersExchange>]	48	static
DeviceB118.h:36:2:DeviceB118::DeviceB118(ModeDevice)	112	static
AnalogBlock.h:17:2:AnalogBlock::AnalogBlock()	112	static
DeviceDCXJ.h:17:2:DeviceDCXJ::DeviceDCXJ()	112	static
DeviceBKI.h:19:2:DeviceBKI::DeviceBKI()	112	static
vector.tcc:394:7:) [with _Args = {std::function<void()>}; _Tp = std::function<void()>; _Alloc = std::allocator<std::function<void()> >]	48	static
vector.tcc:95:7:) [with _Args = {std::function<void()>}; _Tp = std::function<void()>; _Alloc = std::allocator<std::function<void()> >]	24	static
ScreenGlobal.h:94:2:ScreenGlobal::ScreenGlobal()	168	static
ScreenMenu.h:46:2:ScreenMenu::ScreenMenu()	176	static
ScreenSysSett.h:37:2:ScreenSysSett::ScreenSysSett()	256	static
ScreenSetTime.h:40:2:ScreenSetTime::ScreenSetTime()	216	static
ScreenAutorization.h:42:2:ScreenAutorization::ScreenAutorization()	240	static
ScreenCrash.h:100:2:ScreenCrash::ScreenCrash()	176	static
ScreenEvents.h:155:2:ScreenEvents::ScreenEvents()	200	static
ScreenZVU.h:39:3:ScreenZVU::WindowPusk::WindowPusk()	160	static
ScreenZVU.h:152:5:ScreenZVU::ScreenZVU()	264	static
ScreenSettZVU.h:96:5:ScreenSettZVU::ScreenSettZVU()	392	static
ScreenBattery.h:43:3:ScreenBattery::WindowSettings::WindowSettings()	200	static
ScreenBattery.h:142:2:ScreenBattery::ScreenBattery()	232	static
ScreenMain.h:109:2:ScreenMain::ScreenMain()	216	static
ScreenContrlInsulation.h:102:2:ScreenContrlInsulation::ScreenContrlInsulation()	176	static
ScreenBKI.h:99:2:ScreenBKI::ScreenBKI()	176	static
ScreenAnalogPl.h:34:3:ScreenAnalogPl::WindowZero::WindowZero()	160	static
ScreenAnalogPl.h:58:2:ScreenAnalogPl::ScreenAnalogPl()	232	static
ScreenAnalogCoef.h:64:2:ScreenAnalogCoef::ScreenAnalogCoef()	176	static
ScreenSetAnalogPl.h:74:2:ScreenSetAnalogPl::ScreenSetAnalogPl()	264	static
ScreenSetBKI.h:49:2:ScreenSetBKI::ScreenSetBKI()	144	static
ScreenAnalogTestIO.h:85:2:ScreenAnalogTestIO::ScreenAnalogTestIO()	192	static
WindowReboot.h:29:2:WindowReboot::WindowReboot()	160	static
ScreenAnalogTestIO.h:8:7:ScreenAnalogTestIO::~ScreenAnalogTestIO()	40	static
ScreenSetAnalogPl.h:12:7:ScreenSetAnalogPl::~ScreenSetAnalogPl()	40	static
ScreenBKI.h:21:7:ScreenBKI::~ScreenBKI()	40	static
ScreenContrlInsulation.h:18:7:ScreenContrlInsulation::~ScreenContrlInsulation()	40	static
ScreenMain.h:23:7:ScreenMain::~ScreenMain()	40	static
ScreenBattery.h:19:7:ScreenBattery::~ScreenBattery()	48	static
ScreenSettZVU.h:21:7:ScreenSettZVU::~ScreenSettZVU()	40	static
ScreenZVU.h:22:7:ScreenZVU::~ScreenZVU()	40	static
ScreenEvents.h:62:7:ScreenEvents::~ScreenEvents()	40	static
VAGUI.h:25:7:VA::GUI::~GUI()	32	static
Loop.cpp:505:1:cpp)	24	static
Loop.cpp:505:1:cpp)	40	static
