Adafruit_RA8875.h:193:17:virtual size_t Adafruit_RA8875::write(uint8_t)	0	static
Adafruit_RA8875.h:208:17:virtual size_t Adafruit_RA8875::write(const uint8_t*, size_t)	24	static
Adafruit_RA8875.cpp:47:6:void delay(uint32_t)	8	static
Adafruit_RA8875.cpp:66:1:Adafruit_RA8875::Adafruit_RA8875(RA8875sizes)	0	static
Adafruit_RA8875.cpp:106:6:void Adafruit_RA8875::softReset()	0	static
Adafruit_RA8875.cpp:118:6:void Adafruit_RA8875::PLLinit()	8	static
Adafruit_RA8875.cpp:140:6:void Adafruit_RA8875::initialize()	40	static
Adafruit_RA8875.cpp:88:6:bool Adafruit_RA8875::begin()	8	static
Adafruit_RA8875.cpp:253:10:uint16_t Adafruit_RA8875::width()	0	static
Adafruit_RA8875.cpp:262:10:uint16_t Adafruit_RA8875::height()	0	static
Adafruit_RA8875.cpp:271:8:int8_t Adafruit_RA8875::getRotation()	0	static
Adafruit_RA8875.cpp:280:6:void Adafruit_RA8875::setRotation(int8_t)	0	static
Adafruit_RA8875.cpp:298:6:void Adafruit_RA8875::textMode()	0	static
Adafruit_RA8875.cpp:320:6:void Adafruit_RA8875::textSetCursor(uint16_t, uint16_t)	8	static
Adafruit_RA8875.cpp:343:6:void Adafruit_RA8875::textColor(uint16_t, uint16_t)	4	static
Adafruit_RA8875.cpp:374:6:void Adafruit_RA8875::textTransparent(uint16_t)	0	static
Adafruit_RA8875.cpp:402:6:void Adafruit_RA8875::textEnlarge(uint8_t)	8	static
Adafruit_RA8875.cpp:432:6:void Adafruit_RA8875::cursorBlink(uint8_t)	0	static
Adafruit_RA8875.cpp:458:6:void Adafruit_RA8875::textWrite(const char*, uint16_t)	16	static
Adafruit_RA8875.cpp:477:6:void Adafruit_RA8875::CharFont(uint8_t, uint8_t*)	8	static
Adafruit_RA8875.cpp:490:6:void Adafruit_RA8875::DownloadFont(uint8_t*, uint16_t, uint16_t)	24	static
Adafruit_RA8875.cpp:506:6:void Adafruit_RA8875::graphicsMode()	0	static
Adafruit_RA8875.cpp:519:9:uint8_t Adafruit_RA8875::Colour565To332(uint16_t)	8	static
Adafruit_RA8875.cpp:552:6:bool Adafruit_RA8875::waitPoll(uint16_t, uint16_t)	16	static
Adafruit_RA8875.cpp:572:6:void Adafruit_RA8875::setXY(uint16_t, uint16_t)	4	static
Adafruit_RA8875.cpp:585:6:void Adafruit_RA8875::pushPixels(uint32_t, uint16_t)	8	static
Adafruit_RA8875.cpp:610:9:int16_t Adafruit_RA8875::applyRotationX(int16_t)	0	static
Adafruit_RA8875.cpp:626:9:int16_t Adafruit_RA8875::applyRotationY(int16_t)	0	static
Adafruit_RA8875.cpp:644:6:void Adafruit_RA8875::drawPixel(int16_t, int16_t, uint16_t)	16	static
Adafruit_RA8875.cpp:688:6:void Adafruit_RA8875::drawPixels(uint16_t, uint32_t, int16_t, int16_t)	16	static
Adafruit_RA8875.cpp:720:6:void Adafruit_RA8875::drawLine(int16_t, int16_t, int16_t, int16_t, uint16_t)	28	static
Adafruit_RA8875.cpp:776:6:void Adafruit_RA8875::drawFastVLine(int16_t, int16_t, int16_t, uint16_t)	24	static
Adafruit_RA8875.cpp:790:6:void Adafruit_RA8875::drawFastHLine(int16_t, int16_t, int16_t, uint16_t)	16	static
Adafruit_RA8875.cpp:1018:6:void Adafruit_RA8875::circleHelper(int16_t, int16_t, int16_t, uint16_t, bool)	20	static
Adafruit_RA8875.cpp:845:6:void Adafruit_RA8875::drawCircle(int16_t, int16_t, int16_t, uint16_t)	24	static
Adafruit_RA8875.cpp:859:6:void Adafruit_RA8875::fillCircle(int16_t, int16_t, int16_t, uint16_t)	24	static
Adafruit_RA8875.cpp:1063:6:void Adafruit_RA8875::rectHelper(int16_t, int16_t, int16_t, int16_t, uint16_t, bool)	32	static
Adafruit_RA8875.cpp:805:6:void Adafruit_RA8875::drawRect(int16_t, int16_t, int16_t, int16_t, uint16_t)	32	static
Adafruit_RA8875.cpp:820:6:void Adafruit_RA8875::fillRect(int16_t, int16_t, int16_t, int16_t, uint16_t)	32	static
Adafruit_RA8875.cpp:831:6:void Adafruit_RA8875::fillScreen(uint16_t)	32	static
Adafruit_RA8875.cpp:1118:6:void Adafruit_RA8875::triangleHelper(int16_t, int16_t, int16_t, int16_t, int16_t, int16_t, uint16_t, bool)	56	static
Adafruit_RA8875.cpp:876:6:void Adafruit_RA8875::drawTriangle(int16_t, int16_t, int16_t, int16_t, int16_t, int16_t, uint16_t)	40	static
Adafruit_RA8875.cpp:895:6:void Adafruit_RA8875::fillTriangle(int16_t, int16_t, int16_t, int16_t, int16_t, int16_t, uint16_t)	40	static
Adafruit_RA8875.cpp:1183:6:void Adafruit_RA8875::ellipseHelper(int16_t, int16_t, int16_t, int16_t, uint16_t, bool)	24	static
Adafruit_RA8875.cpp:912:6:void Adafruit_RA8875::drawEllipse(int16_t, int16_t, int16_t, int16_t, uint16_t)	32	static
Adafruit_RA8875.cpp:929:6:void Adafruit_RA8875::fillEllipse(int16_t, int16_t, int16_t, int16_t, uint16_t)	32	static
Adafruit_RA8875.cpp:1234:6:void Adafruit_RA8875::curveHelper(int16_t, int16_t, int16_t, int16_t, uint8_t, uint16_t, bool)	28	static
Adafruit_RA8875.cpp:951:6:void Adafruit_RA8875::drawCurve(int16_t, int16_t, int16_t, int16_t, uint8_t, uint16_t)	32	static
Adafruit_RA8875.cpp:973:6:void Adafruit_RA8875::fillCurve(int16_t, int16_t, int16_t, int16_t, uint8_t, uint16_t)	32	static
Adafruit_RA8875.cpp:1288:6:void Adafruit_RA8875::roundRectHelper(int16_t, int16_t, int16_t, int16_t, int16_t, uint16_t, bool)	28	static
Adafruit_RA8875.cpp:991:6:void Adafruit_RA8875::drawRoundRect(int16_t, int16_t, int16_t, int16_t, int16_t, uint16_t)	32	static
Adafruit_RA8875.cpp:1008:6:void Adafruit_RA8875::fillRoundRect(int16_t, int16_t, int16_t, int16_t, int16_t, uint16_t)	32	static
Adafruit_RA8875.cpp:1365:6:void Adafruit_RA8875::setScrollWindow(int16_t, int16_t, int16_t, int16_t, uint8_t)	20	static
Adafruit_RA8875.cpp:1404:6:void Adafruit_RA8875::scrollX(int16_t)	0	static
Adafruit_RA8875.cpp:1419:6:void Adafruit_RA8875::scrollY(int16_t)	0	static
Adafruit_RA8875.cpp:1436:6:void Adafruit_RA8875::GPIOX(bool)	0	static
Adafruit_RA8875.cpp:1452:6:void Adafruit_RA8875::PWM1out(uint8_t)	0	static
Adafruit_RA8875.cpp:1461:6:void Adafruit_RA8875::PWM2out(uint8_t)	0	static
Adafruit_RA8875.cpp:1471:6:void Adafruit_RA8875::PWM1config(bool, uint8_t)	0	static
Adafruit_RA8875.cpp:1488:6:void Adafruit_RA8875::PWM2config(bool, uint8_t)	0	static
Adafruit_RA8875.cpp:1504:6:void Adafruit_RA8875::touchEnable(bool)	0	static
Adafruit_RA8875.cpp:1538:6:bool Adafruit_RA8875::touched()	0	static
Adafruit_RA8875.cpp:1558:6:bool Adafruit_RA8875::touchRead(uint16_t&, uint16_t&)	16	static
Adafruit_RA8875.cpp:1586:6:void Adafruit_RA8875::displayOn(bool)	0	static
Adafruit_RA8875.cpp:1602:6:void Adafruit_RA8875::sleep(bool)	0	static
Adafruit_RA8875.cpp:1621:6:void Adafruit_RA8875::writeReg(uint16_t, uint16_t)	0	static
Adafruit_RA8875.cpp:1635:10:uint16_t Adafruit_RA8875::readReg(uint16_t)	0	static
Adafruit_RA8875.cpp:1648:6:void Adafruit_RA8875::writeData(uint16_t)	0	static
Adafruit_RA8875.cpp:1661:10:uint16_t Adafruit_RA8875::readData()	0	static
Adafruit_RA8875.cpp:1670:6:void Adafruit_RA8875::writeCommand(uint16_t)	0	static
Adafruit_RA8875.cpp:1683:10:uint16_t Adafruit_RA8875::readStatus()	0	static
Adafruit_RA8875.cpp:1686:6:void Adafruit_RA8875::useLayers(bool)	0	static
Adafruit_RA8875.cpp:1688:6:void Adafruit_RA8875::layerEffect(RA8875Layers)	0	static
Adafruit_RA8875.cpp:1704:6:void Adafruit_RA8875::writeTo(RA8875Layers)	4	static
