VALabel.cpp:78:13:std::__cxx11::string VA::Label::GetText()	24	static
VALabel.cpp:80:6:void VA::Label::SetText(std::__cxx11::string)	0	static
stl_vector.h:433:7:std::vector<_Tp, _Alloc>::~vector() [with _Tp = std::vector<std::vector<std::vector<VA::Label::FillPixels> > >; _Alloc = std::allocator<std::vector<std::vector<std::vector<VA::Label::FillPixels> > > >]	48	static
stl_vector.h:433:7:std::vector<_Tp, _Alloc>::~vector() [with _Tp = std::__cxx11::basic_string<char>; _Alloc = std::allocator<std::__cxx11::basic_string<char> >]	24	static
stl_vector.h:433:7:std::vector<_Tp, _Alloc>::~vector() [with _Tp = std::vector<std::vector<VA::Label::FillPixels> >; _Alloc = std::allocator<std::vector<std::vector<VA::Label::FillPixels> > >]	32	static
stl_vector.h:433:7:std::vector<_Tp, _Alloc>::~vector() [with _Tp = std::vector<VA::Label::FillPixels>; _Alloc = std::allocator<std::vector<VA::Label::FillPixels> >]	16	static
vector.tcc:394:7:) [with _Args = {const std::vector<std::vector<std::vector<VA::Label::FillPixels, std::allocator<VA::Label::FillPixels> >, std::allocator<std::vector<VA::Label::FillPixels, std::allocator<VA::Label::FillPixels> > > >, std::allocator<std::vector<std::vector<VA::Label::FillPixels, std::allocator<VA::Label::FillPixels> >, std::allocator<std::vector<VA::Label::FillPixels, std::allocator<VA::Label::FillPixels> > > > > >&}; _Tp = std::vector<std::vector<std::vector<VA::Label::FillPixels> > >; _Alloc = std::allocator<std::vector<std::vector<std::vector<VA::Label::FillPixels> > > >]	72	static
vector.tcc:394:7:) [with _Args = {const std::vector<short unsigned int, std::allocator<short unsigned int> >&}; _Tp = std::vector<short unsigned int>; _Alloc = std::allocator<std::vector<short unsigned int> >]	40	static
vector.tcc:394:7:) [with _Args = {const VA::Label::FillPixels&}; _Tp = VA::Label::FillPixels; _Alloc = std::allocator<VA::Label::FillPixels>]	48	static
vector.tcc:394:7:) [with _Args = {const short unsigned int&}; _Tp = short unsigned int; _Alloc = std::allocator<short unsigned int>]	48	static
vector.tcc:394:7:) [with _Args = {const std::vector<std::vector<VA::Label::FillPixels, std::allocator<VA::Label::FillPixels> >, std::allocator<std::vector<VA::Label::FillPixels, std::allocator<VA::Label::FillPixels> > > >&}; _Tp = std::vector<std::vector<VA::Label::FillPixels> >; _Alloc = std::allocator<std::vector<std::vector<VA::Label::FillPixels> > >]	56	static
stl_tree.h:1850:5:void std::_Rb_tree<_Key, _Val, _KeyOfValue, _Compare, _Alloc>::_M_erase(std::_Rb_tree<_Key, _Val, _KeyOfValue, _Compare, _Alloc>::_Link_type) [with _Key = long unsigned int; _Val = std::pair<const long unsigned int, unsigned char>; _KeyOfValue = std::_Select1st<std::pair<const long unsigned int, unsigned char> >; _Compare = std::less<long unsigned int>; _Alloc = std::allocator<std::pair<const long unsigned int, unsigned char> >]	56	static
VALabel.cpp:219:5:void __tcf_0()	16	static
stl_tree.h:2130:5:std::pair<std::_Rb_tree_node_base*, std::_Rb_tree_node_base*> std::_Rb_tree<_Key, _Val, _KeyOfValue, _Compare, _Alloc>::_M_get_insert_hint_unique_pos(std::_Rb_tree<_Key, _Val, _KeyOfValue, _Compare, _Alloc>::const_iterator, const key_type&) [with _Key = long unsigned int; _Val = std::pair<const long unsigned int, unsigned char>; _KeyOfValue = std::_Select1st<std::pair<const long unsigned int, unsigned char> >; _Compare = std::less<long unsigned int>; _Alloc = std::allocator<std::pair<const long unsigned int, unsigned char> >]	40	static
VALabel.cpp:171:22:std::vector<unsigned char> VA::Label::ToWin1251(const string&)	72	static
VALabel.cpp:123:6:void VA::Label::StrToBitmap(const std::vector<std::__cxx11::basic_string<char> >&, std::vector<std::vector<std::vector<VA::Label::FillPixels> > >&, std::vector<short unsigned int>&)	112	static
vector.tcc:394:7:) [with _Args = {std::__cxx11::basic_string<char, std::char_traits<char>, std::allocator<char> >}; _Tp = std::__cxx11::basic_string<char>; _Alloc = std::allocator<std::__cxx11::basic_string<char> >]	48	static
VALabel.cpp:232:26:std::vector<std::__cxx11::basic_string<char> > VA::Label::CutString(std::__cxx11::string*, char)	64	static
VALabel.cpp:82:6:void VA::Label::UpdateText(std::vector<std::vector<std::vector<std::vector<VA::Label::FillPixels> > > >&, std::vector<std::vector<short unsigned int> >&)	136	static
VALabel.cpp:16:6:virtual void VA::Label::Show()	128	static
