VAKeyboard.cpp:83:6:void VA::Keyboard::BPM_Call()	0	static
std_function.h:212:2:static bool std::_Function_base::_Base_manager<_Functor>::_M_manager(std::_Any_data&, const std::_Any_data&, std::_Manager_operation) [with _Functor = VA::Keyboard::Keyboard(VA::GUI*)::<lambda()>]	0	static
std_function.h:212:2:static bool std::_Function_base::_Base_manager<_Functor>::_M_manager(std::_Any_data&, const std::_Any_data&, std::_Manager_operation) [with _Functor = VA::Keyboard::Keyboard(VA::GUI*)::<lambda()>]	0	static
std_function.h:212:2:static bool std::_Function_base::_Base_manager<_Functor>::_M_manager(std::_Any_data&, const std::_Any_data&, std::_Manager_operation) [with _Functor = VA::Keyboard::Keyboard(VA::GUI*)::<lambda()>]	0	static
std_function.h:212:2:static bool std::_Function_base::_Base_manager<_Functor>::_M_manager(std::_Any_data&, const std::_Any_data&, std::_Manager_operation) [with _Functor = VA::Keyboard::Keyboard(VA::GUI*)::<lambda()>]	0	static
std_function.h:212:2:static bool std::_Function_base::_Base_manager<_Functor>::_M_manager(std::_Any_data&, const std::_Any_data&, std::_Manager_operation) [with _Functor = VA::Keyboard::Keyboard(VA::GUI*)::<lambda()>]	0	static
std_function.h:212:2:static bool std::_Function_base::_Base_manager<_Functor>::_M_manager(std::_Any_data&, const std::_Any_data&, std::_Manager_operation) [with _Functor = VA::Keyboard::Keyboard(VA::GUI*)::<lambda()>]	0	static
std_function.h:212:2:static bool std::_Function_base::_Base_manager<_Functor>::_M_manager(std::_Any_data&, const std::_Any_data&, std::_Manager_operation) [with _Functor = VA::Keyboard::Keyboard(VA::GUI*)::<lambda()>]	0	static
std_function.h:212:2:static bool std::_Function_base::_Base_manager<_Functor>::_M_manager(std::_Any_data&, const std::_Any_data&, std::_Manager_operation) [with _Functor = VA::Keyboard::Keyboard(VA::GUI*)::<lambda()>]	0	static
std_function.h:212:2:static bool std::_Function_base::_Base_manager<_Functor>::_M_manager(std::_Any_data&, const std::_Any_data&, std::_Manager_operation) [with _Functor = VA::Keyboard::Keyboard(VA::GUI*)::<lambda()>]	0	static
std_function.h:212:2:static bool std::_Function_base::_Base_manager<_Functor>::_M_manager(std::_Any_data&, const std::_Any_data&, std::_Manager_operation) [with _Functor = VA::Keyboard::Keyboard(VA::GUI*)::<lambda()>]	0	static
std_function.h:212:2:static bool std::_Function_base::_Base_manager<_Functor>::_M_manager(std::_Any_data&, const std::_Any_data&, std::_Manager_operation) [with _Functor = VA::Keyboard::Keyboard(VA::GUI*)::<lambda()>]	0	static
std_function.h:314:7:) [with _Functor = std::_Bind<void (VA::Keyboard::*(VA::Keyboard*))()>; _ArgTypes = {}]	4	static
VAKeyboard.cpp:56:6:virtual void VA::Keyboard::Show()	56	static
std_function.h:212:2:static bool std::_Function_base::_Base_manager<_Functor>::_M_manager(std::_Any_data&, const std::_Any_data&, std::_Manager_operation) [with _Functor = std::_Bind<void (VA::Keyboard::*(VA::Keyboard*))()>]	16	static
string_conversions.h:99:5:) [with _String = std::__cxx11::basic_string<char>; _CharT = char]	52	dynamic
std_function.h:314:7:) [with _Functor = VA::Keyboard::Keyboard(VA::GUI*)::<lambda()>; _ArgTypes = {}]	56	static
VAKeyboard.cpp:63:6:virtual void VA::Keyboard::Close()	64	static
VAKeyboard.cpp:91:6:void VA::Keyboard::BClr_Call()	64	static
std_function.h:314:7:) [with _Functor = VA::Keyboard::Keyboard(VA::GUI*)::<lambda()>; _ArgTypes = {}]	64	static
std_function.h:314:7:) [with _Functor = VA::Keyboard::Keyboard(VA::GUI*)::<lambda()>; _ArgTypes = {}]	64	static
std_function.h:314:7:) [with _Functor = VA::Keyboard::Keyboard(VA::GUI*)::<lambda()>; _ArgTypes = {}]	64	static
std_function.h:314:7:) [with _Functor = VA::Keyboard::Keyboard(VA::GUI*)::<lambda()>; _ArgTypes = {}]	64	static
std_function.h:314:7:) [with _Functor = VA::Keyboard::Keyboard(VA::GUI*)::<lambda()>; _ArgTypes = {}]	64	static
std_function.h:314:7:) [with _Functor = VA::Keyboard::Keyboard(VA::GUI*)::<lambda()>; _ArgTypes = {}]	64	static
std_function.h:314:7:) [with _Functor = VA::Keyboard::Keyboard(VA::GUI*)::<lambda()>; _ArgTypes = {}]	64	static
std_function.h:314:7:) [with _Functor = VA::Keyboard::Keyboard(VA::GUI*)::<lambda()>; _ArgTypes = {}]	64	static
std_function.h:314:7:) [with _Functor = VA::Keyboard::Keyboard(VA::GUI*)::<lambda()>; _ArgTypes = {}]	64	static
std_function.h:314:7:) [with _Functor = VA::Keyboard::Keyboard(VA::GUI*)::<lambda()>; _ArgTypes = {}]	64	static
VALabel.h:27:7:VA::Label::~Label()	16	static
VAKeyboard.cpp:33:6:void VA::Keyboard::UpdateVal(char)	64	static
VAKeyboard.cpp:64:6:void VA::Keyboard::Open(VA::Display*)	40	static
VAKeyboard.cpp:113:6:void VA::Keyboard::SetMin(uint32_t)	88	static
VAKeyboard.cpp:118:6:void VA::Keyboard::SetMax(uint32_t)	88	static
string_conversions.h:64:2:)::_Save_errno::~_Save_errno() [with _TRet = float; _Ret = float; _CharT = char; _Base = {}]	8	static
VAKeyboard.cpp:97:6:void VA::Keyboard::BEnt_Call()	72	static
stl_vector.h:433:7:std::vector<_Tp, _Alloc>::~vector() [with _Tp = std::function<void()>; _Alloc = std::allocator<std::function<void()> >]	16	static
VAButton.h:19:2:VA::Button::Button(T, uint16_t, uint16_t, uint16_t, uint16_t, uint16_t, std::__cxx11::string, uint16_t) [with T = VA::Keyboard*]	120	static
vector.tcc:394:7:) [with _Args = {std::function<void()>}; _Tp = std::function<void()>; _Alloc = std::allocator<std::function<void()> >]	48	static
vector.tcc:95:7:) [with _Args = {std::function<void()>}; _Tp = std::function<void()>; _Alloc = std::allocator<std::function<void()> >]	24	static
VAKeyboard.cpp:13:1:VA::Keyboard::Keyboard(VA::GUI*)	584	static
