VABaseElement.h:81:15:virtual void VA::BaseElement::Show()	0	static
VABaseWindow.cpp:27:6:virtual void VA::BaseWindow::Close()	8	static
VABaseWindow.cpp:18:6:virtual void VA::BaseWindow::Open()	16	static
VACanvas.h:18:7:VA::Canvas::~Canvas()	16	static
stl_vector.h:433:7:std::vector<_Tp, _Alloc>::~vector() [with _Tp = std::function<void()>; _Alloc = std::allocator<std::function<void()> >]	16	static
VABaseWindow.cpp:12:1:VA::BaseWindow::BaseWindow(std::__cxx11::string, VA::GUI*, uint16_t, uint16_t, uint16_t, uint16_t)	40	static
